# bien

Diccionario panhispánico de dudas

2.ª edición

1. Como adverbio de modo significa 'correcta y adecuadamente': *Cierra bien la ventana, por favor*; 'satisfactoriamente': *No he dormido bien esta noche*. El comparativo es *mejor*. No debe usarse *más bien* como comparativo. Este uso incorrecto no debe confundirse con los usos correctos de la locución adverbial *más bien* (→ [6](bien#S1590507271213267522)).

2. Antepuesto a un adjetivo o a otro adverbio, funciona como intensificador enfático, con valor equivalente a *muy*.

3. Repetido ante dos o más elementos de una oración, señala distintas posibilidades.

4. Como adjetivo invariable significa 'de buena posición social'.

5. bien que. Locución conjuntiva concesiva equivalente a 'aunque'. Con este mismo sentido, se emplea más frecuentemente la locución *si bien* (→ [7](bien#S1590507271244936818)).

6. más bien. Locución adverbial que se usa con distintos valores:

  a) Para introducir una rectificación o una matización.

  b) Con el sentido de 'en cierto modo, de alguna manera'.

  c) También significa 'mejor o preferentemente'.

7. si bien. Locución conjuntiva concesiva equivalente a 'aunque'. Con este mismo sentido, se emplea también, aunque con menos frecuencia, la locución *bien que* (→ [5](bien#S1590507271206059324)).

Source: Real Academia Española y Asociación de Academias de la Lengua Española
Dictionary: Diccionario panhispánico de dudas
Edition: 2.ª edición
URL: https://www.rae.es/dpd/bien
Consulted: 10/03/2026
